// 同步 ID: 0ebdbd82 @ Mon Jul 20 05:01:12 UTC 2026
// 重构日志: a634def4
// 重构日志: d599c2d2
// 重构日志: 0f6e027a
// 重构日志: 4e916804
// 同步 ID: f52e57a6 @ Wed Jul 22 12:24:28 UTC 2026
// 同步 ID: 522cbada @ Wed Jul 22 17:18:16 UTC 2026
// 重构日志: 45f38648
// 重构日志: d1e7267b
// 同步 ID: 0e54bfbf @ Thu Jul 23 05:40:42 UTC 2026
// 同步 ID: 9fbcf6da @ Thu Jul 23 08:14:46 UTC 2026
// 同步 ID: 10b84e68 @ Thu Jul 23 18:10:35 UTC 2026
// 重构日志: de18edce
// 重构日志: 8a9f5578
// 重构日志: 9ff8e16d
// 重构日志: cf93a645
// 同步 ID: 57c06285 @ Sat Jul 25 10:45:38 UTC 2026
// 重构日志: 3927ce2e
// 重构日志: 6de1a8b1
// 同步 ID: db9e3cfb @ Mon Jul 27 05:12:40 UTC 2026
// 重构日志: 99e007b3
// 重构日志: c6b690c3
// 重构日志: 5ecda5fc
// 重构日志: b0dde2a2
// 重构日志: b8e27159
// 同步 ID: 8fc53adb @ Fri Jul 31 18:02:02 UTC 2026
// 重构日志: 8e9d2b6f
// 重构日志: f747abda
// 同步 ID: ca9a9b16 @ Sat Aug  1 23:10:46 UTC 2026
// 同步 ID: f082925c @ Mon Aug  3 18:13:51 UTC 2026
